Modules list:
-------------
a1basic.o:
    CODE              Offs=000000  Size=001000  Align=00001  Fill=0000


Segment list:
-------------
Name                   Start     End    Size  Align
----------------------------------------------------
CODE                  00E000  00EFFF  001000  00001


Exports list by name:
---------------------
DSP                       00D012 REA    KBD                       00D010 REA    
KBDCR                     00D011 REA    Le034                     00E034 RLA    
Le2b6                     00E2B7 RLA    Le2f9                     00E2FA RLA    
Le2fb                     00E2FC RLA    Le883                     00E883 RLA    
START                     00E000 RLA    Se00c                     00E00C RLA    
Se011                     00E011 RLA    Se018                     00E018 RLA    
Se118                     00E118 RLA    Se1bc                     00E1BA RLA    
Se254                     00E252 RLA    Se25b                     00E259 RLA    
Z1d                       00001D REZ    acc                       0000CE REZ    
auto_flag                 0000F8 REZ    auto_inc                  0000F4 REZ    
auto_ln                   0000F6 REZ    aux                       0000DA REZ    
buffer                    000200 REA    ch                        000024 REZ    
char                      0000F9 REZ    cold                      00E2B1 RLA    
comma_substr              00E109 RLA    cr_flag                   0000D5 REZ    
current_verb              0000D6 REZ    dim_str                   00E130 RLA    
for_nest_count            0000FB REZ    fstk_plineh               000148 REA    
fstk_plinel               000140 REA    fstk_pverbh               000158 REA    
fstk_pverbl               000150 REA    fstk_steph                000138 REA    
fstk_stepl                000130 REA    fstk_toh                  000168 REA    
fstk_tol                  000160 REA    fstk_varh                 000128 REA    
fstk_varl                 000120 REA    gosub_nest_count          0000FC REZ    
gstk_plineh               000118 REA    gstk_plinel               000110 REA    
gstk_pverbh               000108 REA    gstk_pverbl               000100 REA    
himem                     00004C REZ    if_flag                   0000D4 REZ    
input_str                 00E16F RLA    leadbl                    0000C9 REZ    
leadzr                    0000FA REZ    list_all                  00E04B RLA    
list_cmd                  00E05D RLA    list_comman               00E035 RLA    
list_int                  00E077 RLA    list_line                 00E06D RLA    
list_token                00E0A3 RLA    lomem                     00004A REZ    
mod_op                    00E278 RLA    mult_op                   00E220 RLA    
nextbyte                  00E02A RLA    noun_stk_h_int            0000A0 REZ    
noun_stk_h_str            000078 REZ    noun_stk_l                000050 REZ    
p1                        0000E2 REZ    p2                        0000E4 REZ    
p3                        0000E6 REZ    paren_substr              00E0FB RLA    
pcon                      0000F2 REZ    pline                     0000DC REZ    
pp                        0000CA REZ    precedence                0000D7 REZ    
pv                        0000CC REZ    pverb                     0000E0 REZ    
rdkey                     00E003 RLA    read_line                 00E29C RLA    
rnd                       00004E REZ    run_flag                  0000D9 REZ    
srch                      0000D0 REZ    srch2                     0000D2 REZ    
str_arr_dest              00E121 RLA    string_eq                 00E1D5 RLA    
string_lit                00E18A RLA    string_neq                00E21A RLA    
syn_stk_h                 000058 REZ    syn_stk_l                 000080 REZ    
synpag                    0000FE REZ    synstkdx                  0000FD REZ    
text_index                0000C8 REZ    token_index               0000F1 REZ    
tokndxstk                 0000D1 REZ    txtndxstk                 0000A8 REZ    
var                       000048 REZ    warm                      00E2B4 RLA    
x_save                    0000D8 REZ    


Exports list by value:
----------------------
Z1d                       00001D REZ    ch                        000024 REZ    
var                       000048 REZ    lomem                     00004A REZ    
himem                     00004C REZ    rnd                       00004E REZ    
noun_stk_l                000050 REZ    syn_stk_h                 000058 REZ    
noun_stk_h_str            000078 REZ    syn_stk_l                 000080 REZ    
noun_stk_h_int            0000A0 REZ    txtndxstk                 0000A8 REZ    
text_index                0000C8 REZ    leadbl                    0000C9 REZ    
pp                        0000CA REZ    pv                        0000CC REZ    
acc                       0000CE REZ    srch                      0000D0 REZ    
tokndxstk                 0000D1 REZ    srch2                     0000D2 REZ    
if_flag                   0000D4 REZ    cr_flag                   0000D5 REZ    
current_verb              0000D6 REZ    precedence                0000D7 REZ    
x_save                    0000D8 REZ    run_flag                  0000D9 REZ    
aux                       0000DA REZ    pline                     0000DC REZ    
pverb                     0000E0 REZ    p1                        0000E2 REZ    
p2                        0000E4 REZ    p3                        0000E6 REZ    
token_index               0000F1 REZ    pcon                      0000F2 REZ    
auto_inc                  0000F4 REZ    auto_ln                   0000F6 REZ    
auto_flag                 0000F8 REZ    char                      0000F9 REZ    
leadzr                    0000FA REZ    for_nest_count            0000FB REZ    
gosub_nest_count          0000FC REZ    synstkdx                  0000FD REZ    
synpag                    0000FE REZ    gstk_pverbl               000100 REA    
gstk_pverbh               000108 REA    gstk_plinel               000110 REA    
gstk_plineh               000118 REA    fstk_varl                 000120 REA    
fstk_varh                 000128 REA    fstk_stepl                000130 REA    
fstk_steph                000138 REA    fstk_plinel               000140 REA    
fstk_plineh               000148 REA    fstk_pverbl               000150 REA    
fstk_pverbh               000158 REA    fstk_tol                  000160 REA    
fstk_toh                  000168 REA    buffer                    000200 REA    
KBD                       00D010 REA    KBDCR                     00D011 REA    
DSP                       00D012 REA    START                     00E000 RLA    
rdkey                     00E003 RLA    Se00c                     00E00C RLA    
Se011                     00E011 RLA    Se018                     00E018 RLA    
nextbyte                  00E02A RLA    Le034                     00E034 RLA    
list_comman               00E035 RLA    list_all                  00E04B RLA    
list_cmd                  00E05D RLA    list_line                 00E06D RLA    
list_int                  00E077 RLA    list_token                00E0A3 RLA    
paren_substr              00E0FB RLA    comma_substr              00E109 RLA    
Se118                     00E118 RLA    str_arr_dest              00E121 RLA    
dim_str                   00E130 RLA    input_str                 00E16F RLA    
string_lit                00E18A RLA    Se1bc                     00E1BA RLA    
string_eq                 00E1D5 RLA    string_neq                00E21A RLA    
mult_op                   00E220 RLA    Se254                     00E252 RLA    
Se25b                     00E259 RLA    mod_op                    00E278 RLA    
read_line                 00E29C RLA    cold                      00E2B1 RLA    
warm                      00E2B4 RLA    Le2b6                     00E2B7 RLA    
Le2f9                     00E2FA RLA    Le2fb                     00E2FC RLA    
Le883                     00E883 RLA    


Imports list:
-------------
DSP (a1basic.o):
    [linker generated]       
KBD (a1basic.o):
    [linker generated]       
KBDCR (a1basic.o):
    [linker generated]       
Le034 (a1basic.o):
    [linker generated]       
Le2b6 (a1basic.o):
    [linker generated]       
Le2f9 (a1basic.o):
    [linker generated]       
Le2fb (a1basic.o):
    [linker generated]       
Le883 (a1basic.o):
    [linker generated]       
START (a1basic.o):
    [linker generated]       
Se00c (a1basic.o):
    [linker generated]       
Se011 (a1basic.o):
    [linker generated]       
Se018 (a1basic.o):
    [linker generated]       
Se118 (a1basic.o):
    [linker generated]       
Se1bc (a1basic.o):
    [linker generated]       
Se254 (a1basic.o):
    [linker generated]       
Se25b (a1basic.o):
    [linker generated]       
Z1d (a1basic.o):
    [linker generated]       
acc (a1basic.o):
    [linker generated]       
auto_flag (a1basic.o):
    [linker generated]       
auto_inc (a1basic.o):
    [linker generated]       
auto_ln (a1basic.o):
    [linker generated]       
aux (a1basic.o):
    [linker generated]       
buffer (a1basic.o):
    [linker generated]       
ch (a1basic.o):
    [linker generated]       
char (a1basic.o):
    [linker generated]       
cold (a1basic.o):
    [linker generated]       
comma_substr (a1basic.o):
    [linker generated]       
cr_flag (a1basic.o):
    [linker generated]       
current_verb (a1basic.o):
    [linker generated]       
dim_str (a1basic.o):
    [linker generated]       
for_nest_count (a1basic.o):
    [linker generated]       
fstk_plineh (a1basic.o):
    [linker generated]       
fstk_plinel (a1basic.o):
    [linker generated]       
fstk_pverbh (a1basic.o):
    [linker generated]       
fstk_pverbl (a1basic.o):
    [linker generated]       
fstk_steph (a1basic.o):
    [linker generated]       
fstk_stepl (a1basic.o):
    [linker generated]       
fstk_toh (a1basic.o):
    [linker generated]       
fstk_tol (a1basic.o):
    [linker generated]       
fstk_varh (a1basic.o):
    [linker generated]       
fstk_varl (a1basic.o):
    [linker generated]       
gosub_nest_count (a1basic.o):
    [linker generated]       
gstk_plineh (a1basic.o):
    [linker generated]       
gstk_plinel (a1basic.o):
    [linker generated]       
gstk_pverbh (a1basic.o):
    [linker generated]       
gstk_pverbl (a1basic.o):
    [linker generated]       
himem (a1basic.o):
    [linker generated]       
if_flag (a1basic.o):
    [linker generated]       
input_str (a1basic.o):
    [linker generated]       
leadbl (a1basic.o):
    [linker generated]       
leadzr (a1basic.o):
    [linker generated]       
list_all (a1basic.o):
    [linker generated]       
list_cmd (a1basic.o):
    [linker generated]       
list_comman (a1basic.o):
    [linker generated]       
list_int (a1basic.o):
    [linker generated]       
list_line (a1basic.o):
    [linker generated]       
list_token (a1basic.o):
    [linker generated]       
lomem (a1basic.o):
    [linker generated]       
mod_op (a1basic.o):
    [linker generated]       
mult_op (a1basic.o):
    [linker generated]       
nextbyte (a1basic.o):
    [linker generated]       
noun_stk_h_int (a1basic.o):
    [linker generated]       
noun_stk_h_str (a1basic.o):
    [linker generated]       
noun_stk_l (a1basic.o):
    [linker generated]       
p1 (a1basic.o):
    [linker generated]       
p2 (a1basic.o):
    [linker generated]       
p3 (a1basic.o):
    [linker generated]       
paren_substr (a1basic.o):
    [linker generated]       
pcon (a1basic.o):
    [linker generated]       
pline (a1basic.o):
    [linker generated]       
pp (a1basic.o):
    [linker generated]       
precedence (a1basic.o):
    [linker generated]       
pv (a1basic.o):
    [linker generated]       
pverb (a1basic.o):
    [linker generated]       
rdkey (a1basic.o):
    [linker generated]       
read_line (a1basic.o):
    [linker generated]       
rnd (a1basic.o):
    [linker generated]       
run_flag (a1basic.o):
    [linker generated]       
srch (a1basic.o):
    [linker generated]       
srch2 (a1basic.o):
    [linker generated]       
str_arr_dest (a1basic.o):
    [linker generated]       
string_eq (a1basic.o):
    [linker generated]       
string_lit (a1basic.o):
    [linker generated]       
string_neq (a1basic.o):
    [linker generated]       
syn_stk_h (a1basic.o):
    [linker generated]       
syn_stk_l (a1basic.o):
    [linker generated]       
synpag (a1basic.o):
    [linker generated]       
synstkdx (a1basic.o):
    [linker generated]       
text_index (a1basic.o):
    [linker generated]       
token_index (a1basic.o):
    [linker generated]       
tokndxstk (a1basic.o):
    [linker generated]       
txtndxstk (a1basic.o):
    [linker generated]       
var (a1basic.o):
    [linker generated]       
warm (a1basic.o):
    [linker generated]       
x_save (a1basic.o):
    [linker generated]       

